One vertex:
( )
Vertex with multiple edges to vertex 2, IGRAPH_OUT, IGRAPH_MULTIPLE:
( 0 1 )
Vertex with multiple edges to vertex 2, IGRAPH_ALL, IGRAPH_MULTIPLE:
( 0 1 5 4 )
Vertex with multiple edges to vertex 2, undirected, IGRAPH_MULTIPLE:
( 0 5 4 1 )
Vertex 1 with loop, IGRAPH_OUT, IGRAPH_LOOPS_ONCE:
( 2 3 )
Vertex 1 with loop, IGRAPH_ALL, IGRAPH_LOOPS_TWICE:
( 0 2 2 3 )
Vertex 1 with loop, undirected, IGRAPH_LOOPS_TWICE:
( 0 2 2 3 )
Vertex 1 with loop, IGRAPH_OUT, IGRAPH_NO_LOOPS:
( 3 )
Vertex with multiple edges to vertex 2, IGRAPH_OUT, IGRAPH_NO_MULTIPLE:
( 0 1 )
Vertex with multiple edges to vertex 2, IGRAPH_ALL, IGRAPH_NO_MULTIPLE:
( 0 1 )
Vertex 1 with loop, IGRAPH_ALL, IGRAPH_NO_LOOPS:
( 0 3 )
Vertex 1 with loop, IGRAPH_OUT, IGRAPH_LOOPS_ONCE:
( 2 3 )
Vertex 1 with loop, IGRAPH_ALL, IGRAPH_LOOPS_ONCE:
( 0 2 3 )
