No vertices.
One vertex:
0
Simple graph:
0.444444
Multigraph:
0.444444
Multigraph, TRANSITIVITY_NAN:
0.666667
