No place to put the string.
Two strings in a vector.
This is a string. |  |  |  | A completely different one.
Overwriting a string.
 |  | This is a string. |  | 