No vertices, should give error for impossible starting vertex.
One vertex.
0

All vertices of a graph, IGRAPH_OUT:
0 1 2 3 4

1 3 4

2 0 3 1 4

3 4

4

5

All vertices of a graph, IGRAPH_IN:
0 2

1 0 2

2 0

3 1 2 0

4 3 1 2 0

5

All vertices of a graph, IGRAPH_ALL:
0 1 2 3 4

1 0 3 2 4

2 0 3 1 4

3 1 2 4 0

4 3 1 2 0

5

All vertices of a graph, undirected:
0 1 2 3 4

1 0 3 2 4

2 0 3 1 4

3 1 2 4 0

4 3 1 2 0

5

Check for invalid mode error handling.
