Empty graph:
Full graph of 10 vertices with loops and bounds:
[ -0.560704 0.359932
  0.00323775 -0.648759
  0.725751 0.203469
   0.48278 -0.615813
  -0.443609 -0.569148
  0.338592 0.523258
  -0.615049 -0.12616
  -0.0526167 0.0517897
  -0.127928 0.656471
  0.513271 -0.175449 ]
Full graph of 10 vertices with loops and weights:
[ 0.306062 -0.725682
  0.195375 -0.623354
  0.188661 -0.932881
  0.204214 -0.836587
  0.382377 -0.788479
  0.310531 -0.635757
  0.309894 -0.874842
  0.0781742 -0.825945
  0.174828 -0.731794
  0.0833526 -0.693754 ]
Full graph of 5 vertices, seed and no iterations:
[      0.1      0.2
       0.3      0.4
       0.5      0.6
       0.7      0.8
       0.9        1 ]
