progress:
This is a message 10.0 percent ready.

progress with set progress handler:
Large graph layout100.0 percent ready.

progress with no handler:

progress with previous handler:
Large graph layout100.0 percent ready.
