No vertices:
No edges:
[ NaN NaN NaN
  NaN NaN NaN
  NaN NaN NaN ]
Triangle with no resolution should give the adjacency matrix:
[ 0.00000 1.00000 1.00000
  1.00000 0.00000 1.00000
  1.00000 1.00000 0.00000 ]
Triangle and three points with self-loops:
[ -0.333333 0.666667 0.666667 -0.333333 -0.333333 -0.333333
  0.666667 -0.333333 0.666667 -0.333333 -0.333333 -0.333333
  0.666667 0.666667 -0.333333 -0.333333 -0.333333 -0.333333
  -0.333333 -0.333333 -0.333333 1.66667 -0.333333 -0.333333
  -0.333333 -0.333333 -0.333333 -0.333333 1.66667 -0.333333
  -0.333333 -0.333333 -0.333333 -0.333333 -0.333333 1.66667 ]
Directed triangle:
[ -0.666667 0.333333 0.333333
  -0.666667 -0.666667 0.333333
  -0.666667 -0.666667 -0.666667 ]
Triangle with weights 0, 1, 2:
[ -0.166667 0.666667 0.500000
  0.666667 -0.666667 0.00000
  0.500000 0.00000 -1.50000 ]
Triangle with weights -1, 0, 1 will cause divisions by zero:
[ -Inf NaN Inf
  NaN NaN NaN
  Inf NaN -Inf ]
