No vertices:
1 vertex:
[        0        0 ]
4 vertices, disconnected, not actually bipartite, with loops and multiple edges:
[        0        0
         1        1
         1        0
         2        1 ]
10 vertices bipartite graph:
[        1        0
         2        0
         0        0
         3        0
         4        0
         0        1
         2        1
         1        1
         3        1
         5        1 ]
10 vertices bipartite graph, no iterations:
[     -0.5        0
         1        0
         2        0
         3        0
         4        0
         0        1
         1        1
         2        1
         3        1
         5        1 ]
4 vertices with -10 true values for types:
[        0        0
         0        1
         1        0
         1        1 ]
4 vertices, negative vgaps:
[        0       -0
         0       -1
         1       -0
         1       -1 ]
4 vertices, negative hgaps, emits error.
