Empty vectors and values:
vectors in:
values in:
vectors out:
values out:

Real vectors and values:
vectors in:
[       -1        0
         9       10 ]
values in:
[       -6        0
         3        0 ]
vectors out:
[       -1        0        0        0
         9        0       10        0 ]
values out:
[       -6        0
         3        0 ]

Complex vectors and values:
vectors in:
[        0        3
        -3        0 ]
values in:
[        2        3
         2       -3 ]
vectors out:
[        0       -3        0       -3
        -3       -0       -3       -0 ]
values out:
[        2        3
         2       -3 ]

